line 400:3 mismatched input ')' expecting {'inputFileListPaths', 'inputPaths'}